[backblue.gif]
[fade.gif]
[index.html]
[psdmhq.in/assets/56a085f4/jquery.js]
[psdmhq.in/assets/56a085f4/jquery.yii.js]
[psdmhq.in/assets/46cf9415/js/bootstrap.js]
[maxcdn.bootstrapcdn.com/bootstrap/3.3.7/css/bootstrap.min.css]
[use.fontawesome.com/releases/v5.0.13/css/all.css]
[psdmhq.in/themes/bar/psdm/img/logo.png]
[psdmhq.in/wdir/uploads/Menu-1531482644-image_file.jpg]
[psdmhq.in/wdir/uploads/Menu-1531482789-image_file.jpg]
[psdmhq.in/wdir/uploads/Menu-1531482886-image_file.jpg]
[psdmhq.in/wdir/uploads/Menu-1531483145-image_file.jpg]
[psdmhq.in/wdir/uploads/Menu-1531483559-image_file.jpg]
[psdmhq.in/wdir/uploads/pdf/Pdf-1547116459-image_file.pdf]
[psdmhq.in/wdir/uploads/pdf/Pdf-1560166036-image_file.pdf]
[psdmhq.in/wdir/uploads/Menu-1531483356-image_file.jpg]
[psdmhq.in/wdir/uploads/Slider-1531477316-image_file.jpg]
[psdmhq.in/wdir/uploads/Slider-1531477350-image_file.jpg]
[psdmhq.in/wdir/uploads/Slider-1531480328-image_file.jpg]
[psdmhq.in/wdir/uploads/Slider-1531477379-image_file.jpg]
[psdmhq.in/themes/bar/psdm/img/back.png]
[psdmhq.in/themes/bar/psdm/img/next.png]
[psdmhq.in/wdir/uploads/Posts-1528288237-image_file.jpg]
[psdmhq.in/wdir/uploads/Posts-1528288254-image_file.jpg]
[psdmhq.in/wdir/uploads/Posts-1528288270-image_file.jpg]
[psdmhq.in/wdir/uploads/Posts-1542447580-image_file.jpg]
[psdmhq.in/wdir/uploads/Posts-1542450322-image_file.jpg]
[psdmhq.in/wdir/uploads/Posts-1542448336-image_file.jpg]
[psdmhq.in/wdir/uploads/News-1561100733-image_file.jpg]
[psdmhq.in/wdir/uploads/News-1544762396-image_file.jpg]
[psdmhq.in/wdir/uploads/News-1542443791-image_file.jpg]
[psdmhq.in/wdir/uploads/News-1542442288-image_file.jpg]
[psdmhq.in/wdir/uploads/News-1542440504-image_file.jpg]
[psdmhq.in/wdir/uploads/News-1542439114-image_file.jpg]
[psdmhq.in/wdir/uploads/News-1542438621-image_file.jpg]
[psdmhq.in/wdir/uploads/News-1536643214-image_file.jpg]
[psdmhq.in/wdir/uploads/News-1536643079-image_file.jpg]
[psdmhq.in/wdir/uploads/News-1528289785-image_file.jpg]
[psdmhq.in/wdir/uploads/News-1528289874-image_file.jpg]
[psdmhq.in/wdir/uploads/Partner-1527760782-image_file.png]
[psdmhq.in/wdir/uploads/Partner-1527760796-image_file.png]
[psdmhq.in/wdir/uploads/Partner-1527760822-image_file.png]
[psdmhq.in/wdir/uploads/Partner-1527760860-image_file.png]
[psdmhq.in/wdir/uploads/Partner-1527760886-image_file.png]
[psdmhq.in/wdir/uploads/Partner-1527760912-image_file.png]
[psdmhq.in/wdir/uploads/Partner-1543304493-image_file.jpg]
[psdmhq.in/wdir/uploads/gallery/Gallery-1536926221-image_file.jpg]
[psdmhq.in/wdir/uploads/gallery/Gallery-1536926061-image_file.jpg]
[psdmhq.in/wdir/uploads/gallery/Gallery-1536925689-image_file.jpg]
[psdmhq.in/wdir/uploads/gallery/Gallery-1527836050-image_file.jpg]
[psdmhq.in/themes/bar/psdm/js/easing.min.js]
[psdmhq.in/themes/bar/psdm/js/hoverIntent.js]
[psdmhq.in/themes/bar/psdm/js/superfish.min.js]
[psdmhq.in/themes/bar/psdm/js/jquery.ajaxchimp.min.js]
[psdmhq.in/themes/bar/psdm/js/jquery.magnific-popup.min.js]
[psdmhq.in/themes/bar/psdm/js/jquery.tabs.min.js]
[psdmhq.in/themes/bar/psdm/js/jquery.nice-select.min.js]
[psdmhq.in/themes/bar/psdm/js/owl.carousel.min.js]
[psdmhq.in/themes/bar/psdm/js/mail-script.js]
[psdmhq.in/themes/bar/psdm/js/main.js]
[psdmhq.in/themes/bar/psdm/js/baguetteBox.min.js]
[psdmhq.in/themes/bar/psdm/js/webslidemenu.js]
[psdmhq.in/index.html]
[psdmhq.in/themes/bar/psdm/img/fav.html]
[psdmhq.in/assets/46cf9415/img/ui-bg_glass_75_ffffff_1x400.png]
[psdmhq.in/assets/46cf9415/img/ui-icons_222222_256x240.png]
[psdmhq.in/assets/46cf9415/img/ui-icons_888888_256x240.png]
[psdmhq.in/assets/46cf9415/img/ui-icons_454545_256x240.png]
[psdmhq.in/assets/46cf9415/img/ui-icons_2e83ff_256x240.png]
[psdmhq.in/assets/46cf9415/img/ui-icons_f6cf3b_256x240.png]
[psdmhq.in/assets/46cf9415/img/ui-bg_flat_0_aaaaaa_40x100.png]
[psdmhq.in/assets/46cf9415/css/jquery-ui-bootstrap.css]
[psdmhq.in/themes/bar/psdm/fonts/Linearicons-Free54e9.eot]
[psdmhq.in/themes/bar/psdm/fonts/Linearicons-Freed41d.eot]
[psdmhq.in/themes/bar/psdm/fonts/Linearicons-Free54e9.woff2]
[psdmhq.in/themes/bar/psdm/fonts/Linearicons-Free54e9.woff]
[psdmhq.in/themes/bar/psdm/fonts/Linearicons-Free54e9.ttf]
[psdmhq.in/themes/bar/psdm/css/linearicons.css]
[psdmhq.in/themes/bar/psdm/img/ui-icons_222222_256x240.png]
[psdmhq.in/themes/bar/psdm/css/bootstrap.css]
[maxcdn.bootstrapcdn.com/bootstrap/3.3.7/css/bootstrap.min.css]
[psdmhq.in/themes/bar/psdm/css/magnific-popup.css]
[psdmhq.in/themes/bar/psdm/css/nice-select.css]
[psdmhq.in/themes/bar/psdm/css/animate.min.css]
[psdmhq.in/themes/bar/psdm/css/owl.carousel.css]
[psdmhq.in/themes/bar/psdm/css/jquery-ui.css]
[psdmhq.in/themes/bar/psdm/img/placement_img.jpg]
[psdmhq.in/themes/bar/psdm/img/elements/primary-check.png]
[psdmhq.in/themes/bar/psdm/img/elements/success-check.png]
[psdmhq.in/themes/bar/psdm/img/elements/disabled-check.png]
[psdmhq.in/themes/bar/psdm/img/elements/primary-radio.png]
[psdmhq.in/themes/bar/psdm/img/elements/success-radio.png]
[psdmhq.in/themes/bar/psdm/img/elements/disabled-radio.png]
[psdmhq.in/themes/bar/psdm/img/s-bg.jpg]
[psdmhq.in/themes/bar/psdm/img/cta-bg.jpg]
[psdmhq.in/themes/bar/psdm/img/top-banner.jpg]
[psdmhq.in/themes/bar/psdm/img/video-bg.jpg]
[psdmhq.in/themes/bar/psdm/img/blog/blog-home-banner.jpg]
[psdmhq.in/themes/bar/psdm/img/m-img.jpg]
[psdmhq.in/themes/bar/psdm/img/pdf-icon.png]
[psdmhq.in/themes/bar/psdm/css/main.css]
[psdmhq.in/themes/bar/psdm/fonts/fontawesome-webfont3e6e.eot]
[psdmhq.in/themes/bar/psdm/fonts/fontawesome-webfontd41d.eot]
[psdmhq.in/themes/bar/psdm/fonts/fontawesome-webfont3e6e.woff2]
[psdmhq.in/themes/bar/psdm/fonts/fontawesome-webfont3e6e.woff]
[psdmhq.in/themes/bar/psdm/fonts/fontawesome-webfont3e6e.ttf]
[psdmhq.in/themes/bar/psdm/css/font-awesome.min.css]
[psdmhq.in/themes/bar/psdm/css/iconmoon.fonts.css]
[psdmhq.in/themes/bar/psdm/css/ultimate.css]
[psdmhq.in/themes/bar/psdm/css/webslidemenu.css]
[psdmhq.in/themes/bar/psdm/css/demo.css]
[psdmhq.in/themes/bar/psdm/css/baguetteBox.min.css]
[use.fontawesome.com/releases/v5.0.13/css/all.css]
[psdmhq.in/assets/56a085f4/jquery.yiiactiveform.js]
[psdmhq.in/assets/56a085f4/jui/js/jquery-ui.min.js]
[psdmhq.in/student/registration.html]
[psdmhq.in/wdir/uploads/pdf/Pdf-1560160583-image_file.pdf]
[psdmhq.in/wdir/uploads/pdf/Pdf-1560160111-image_file.pdf]
[psdmhq.in/wdir/uploads/pdf/Pdf-1557829684-image_file.pdf]
[psdmhq.in/wdir/uploads/pdf/Pdf-1553080835-image_file.pdf]
[psdmhq.in/wdir/uploads/pdf/Pdf-1551937188-image_file.pdf]
[psdmhq.in/wdir/uploads/pdf/Pdf-1551935457-image_file.pdf]
[psdmhq.in/wdir/uploads/pdf/Pdf-1558940253-image_file.pdf]
[psdmhq.in/wdir/uploads/pdf/Pdf-1553080651-image_file.pdf]
[psdmhq.in/wdir/uploads/pdf/Pdf-1551258643-image_file.pdf]
[psdmhq.in/wdir/uploads/pdf/Pdf-1561700472-image_file.pdf]
[psdmhq.in/wdir/uploads/pdf/Pdf-1561030837-image_file.pdf]
[psdmhq.in/wdir/uploads/pdf/Pdf-1558940101-image_file.pdf]
[psdmhq.in/wdir/uploads/pdf/Pdf-1553080758-image_file.pdf]
[psdmhq.in/wdir/uploads/pdf/Pdf-1552543348-image_file.pdf]
[psdmhq.in/wdir/uploads/pdf/Pdf-1551788217-image_file.pdf]
[psdmhq.in/wdir/uploads/pdf/Pdf-1551240058-image_file.pdf]
[psdmhq.in/wdir/uploads/pdf/Pdf-1551240013-image_file.pdf]
[psdmhq.in/wdir/uploads/pdf/Pdf-1551239929-image_file.pdf]
[psdmhq.in/wdir/uploads/pdf/Pdf-1551239737-image_file.pdf]
[psdmhq.in/wdir/uploads/pdf/Pdf-1551971059-image_file.pdf]
[psdmhq.in/wdir/uploads/pdf/Pdf-1551877887-image_file.pdf]
[psdmhq.in/site/tender.html]
[psdmhq.in/site/page/26.html]
[psdmhq.in/user/login.html]
[psdmhq.in/site/page/5.html]
[psdmhq.in/site/page/6.html]
[psdmhq.in/site/page/7.html]
[psdmhq.in/site/page/8.html]
[psdmhq.in/site/page/9.html]
[psdmhq.in/site/page/10.html]
[psdmhq.in/site/page/13.html]
[psdmhq.in/site/page/14.html]
[psdmhq.in/site/page/15.html]
[psdmhq.in/site/page/16.html]
[psdmhq.in/site/page/30.html]
[psdmhq.in/site/page/18.html]
[psdmhq.in/site/page/19.html]
[psdmhq.in/site/trainee.html]
[psdmhq.in/site/page/31.html]
[psdmhq.in/site/page/36.html]
[psdmhq.in/site/onschedule.html]
[psdmhq.in/site/upschedule.html]
[psdmhq.in/site/postquery.html]
[psdmhq.in/student/recruitment.html]
[psdmhq.in/site/page/28.html]
[psdmhq.in/pamphlets/custompamphlets.html]
[psdmhq.in/site/page/35.html]
[psdmhq.in/site/circular.html]
[psdmhq.in/course/content.html]
[psdmhq.in/site/page/22.html]
[psdmhq.in/site/presentation.html]
[psdmhq.in/site/reachus.html]
[psdmhq.in/site/contact.html]
[psdmhq.in/site/page/38.html]
[psdmhq.in/posts/details/3.html]
[psdmhq.in/posts/details/4.html]
[psdmhq.in/posts/details/5.html]
[psdmhq.in/posts/details/6.html]
[psdmhq.in/posts/details/7.html]
[psdmhq.in/posts/details/8.html]
[psdmhq.in/news/detail/18.html]
[psdmhq.in/news/detail/17.html]
[psdmhq.in/news/detail/14.html]
[psdmhq.in/news/detail/12.html]
[psdmhq.in/news/detail/10.html]
[psdmhq.in/news/detail/9.html]
[psdmhq.in/news/detail/8.html]
[psdmhq.in/news/detail/7.html]
[psdmhq.in/news/detail/6.html]
[psdmhq.in/news/detail/3.html]
[psdmhq.in/news/detail/2.html]
[psdmhq.in/gallery/detail/18.html]
[psdmhq.in/gallery/detail/16.html]
[psdmhq.in/gallery/detail/13.html]
[psdmhq.in/gallery/detail/6.html]
[psdmhq.in/site/page/32.html]
[psdmhq.in/site/page/34.html]
[psdmhq.in/site/page/39.html]
[psdmhq.in/site/career.html]
[psdmhq.in/themes/bar/psdm/fonts/Linearicons-Free54e9.svg]
[psdmhq.in/themes/bar/psdm/css/owl.video.play.html]
[psdmhq.in/themes/bar/psdm/img/ui-icons_444444_256x240.html]
[psdmhq.in/themes/bar/psdm/img/ui-icons_555555_256x240.html]
[psdmhq.in/themes/bar/psdm/img/ui-icons_ffffff_256x240.html]
[psdmhq.in/themes/bar/psdm/img/ui-icons_777620_256x240.html]
[psdmhq.in/themes/bar/psdm/img/ui-icons_cc0000_256x240.html]
[psdmhq.in/themes/bar/psdm/img/ui-icons_777777_256x240.html]
[psdmhq.in/themes/bar/psdm/fonts/fontawesome-webfont3e6e.svg]
[psdmhq.in/themes/bar/psdm/fonts/icomoon7502.html]
[psdmhq.in/themes/bar/psdm/fonts/icomoond41d.html]
[psdmhq.in/themes/bar/psdm/fonts/icomoon7502-2.html]
[psdmhq.in/themes/bar/psdm/fonts/icomoon7502-3.html]
[psdmhq.in/themes/bar/psdm/fonts/icomoon7502-4.html]
[psdmhq.in/themes/bar/psdm/css/fonts/ult-silk.html]
[psdmhq.in/themes/bar/psdm/css/fonts/ult-silk-2.html]
[psdmhq.in/themes/bar/psdm/css/fonts/ult-silk-3.html]
[psdmhq.in/themes/bar/psdm/css/fonts/ult-silk-4.html]
[psdmhq.in/themes/bar/psdm/img/cross.html]
[psdmhq.in/themes/bar/psdm/css/ajax-loader.html]
[psdmhq.in/themes/bar/psdm/css/fonts/slick.html]
[psdmhq.in/themes/bar/psdm/css/fonts/slickd41d.html]
[psdmhq.in/themes/bar/psdm/css/fonts/slick-2.html]
[psdmhq.in/themes/bar/psdm/css/fonts/slick-3.html]
[psdmhq.in/themes/bar/psdm/css/fonts/slick-4.html]
[psdmhq.in/themes/bar/psdm/images/fabric.html]
[psdmhq.in/themes/bar/psdm/images/cover.html]
[psdmhq.in/themes/bar/psdm/img/ov-plus.html]
[psdmhq.in/student/index.html]
[psdmhq.in/wdir/uploads/pdf/Pdf-1552543348-image_file.pdf]
[psdmhq.in/wdir/uploads/pdf/Pdf-1551788217-image_file.pdf]
[psdmhq.in/wdir/uploads/pdf/Pdf-1551971059-image_file.pdf]
[psdmhq.in/wdir/uploads/pdf/Pdf-1551877887-image_file.pdf]
[psdmhq.in/wdir/uploads/pdf/Pdf-1551517176-image_file.pdf]
[psdmhq.in/wdir/uploads/pdf/Pdf-1551268941-image_file.pdf]
[psdmhq.in/wdir/uploads/pdf/Pdf-1549874126-image_file.pdf]
[psdmhq.in/wdir/uploads/pdf/Pdf-1548301794-image_file.pdf]
[psdmhq.in/wdir/uploads/pdf/Pdf-1548301755-image_file.pdf]
[psdmhq.in/wdir/uploads/pdf/Pdf-1546415071-image_file.pdf]
[psdmhq.in/wdir/uploads/pdf/Pdf-1547469112-image_file.pdf]
[psdmhq.in/wdir/uploads/pdf/Pdf-1545302825-image_file.pdf]
[psdmhq.in/wdir/uploads/pdf/Pdf-1545302693-image_file.pdf]
[psdmhq.in/wdir/uploads/pdf/Pdf-1543298811-image_file.pdf]
[psdmhq.in/wdir/uploads/pdf/Pdf-1543298742-image_file.pdf]
[psdmhq.in/wdir/uploads/pdf/Pdf-1543556488-image_file.pdf]
[psdmhq.in/wdir/uploads/pdf/Pdf-1543289987-image_file.pdf]
[psdmhq.in/wdir/uploads/pdf/Pdf-1528877491-image_file.pdf]
[psdmhq.in/wdir/uploads/pdf/Pdf-1528877472-image_file.pdf]
[psdmhq.in/wdir/uploads/pdf/Pdf-1528877438-image_file.pdf]
[psdmhq.in/wdir/uploads/pdf/Pdf-1528877349-image_file.pdf]
[psdmhq.in/user/recover]
[psdmhq.in/site/index]
[psdm.gov.in/img/misc/hexagon_2.jpg]
[psdm.gov.in/img/misc/hexagon_1.jpg]
[psdm.gov.in/img/misc/organization_chart_large.jpg]
[psdm.gov.in/img/logo/aisect.png]
[psdm.gov.in/img/logo/ants.png]
[psdm.gov.in/img/logo/apollo.png]
[psdm.gov.in/img/logo/avteg.png]
[psdm.gov.in/img/logo/ciht.jpg]
[psdm.gov.in/img/logo/cipe.png]
[psdm.gov.in/img/logo/ctr.jpg]
[psdm.gov.in/img/logo/centum.png]
[psdm.gov.in/img/logo/ces.jpg]
[psdm.gov.in/img/logo/edulight.png]
[psdm.gov.in/img/logo/eherex.png]
[psdm.gov.in/img/logo/FDDI.jpg]
[psdm.gov.in/img/logo/Funfirst.jpg]
[psdm.gov.in/img/logo/gram_tarang.png]
[psdm.gov.in/img/logo/grdtc.jpg]
[psdm.gov.in/img/logo/ilfs.png]
[psdm.gov.in/img/logo/csio.jpg]
[psdm.gov.in/img/logo/indus.png]
[psdm.gov.in/img/logo/iqbri.jpg]
[psdm.gov.in/img/logo/ITFT.png]
[psdm.gov.in/img/logo/Laurus.jpg]
[psdm.gov.in/img/logo/lord_ganesha.jpg]
[psdm.gov.in/img/logo/miher.png]
[psdm.gov.in/img/logo/nshm.png]
[psdm.gov.in/img/logo/orane.png]
[psdm.gov.in/img/logo/orion.png]
[psdm.gov.in/img/logo/pesco.jpg]
[psdm.gov.in/img/logo/bsnl.jpg]
[psdm.gov.in/img/logo/rooman.png]
[psdm.gov.in/img/logo/safeducate.png]
[psdm.gov.in/img/logo/sahaj.png]
[psdm.gov.in/img/logo/sebiz.jpg]
[psdm.gov.in/img/logo/tata_strive.jpg]
[psdm.gov.in/img/logo/teamlease.png]
[psdm.gov.in/img/logo/tech_mahindra.png]
[psdm.gov.in/img/logo/ts.png]
[psdm.gov.in/img/logo/Vidyanta.png]
[psdm.gov.in/img/logo/VLCC.png]
[psdm.gov.in/img/logo/xeam.png]
[psdm.gov.in/img/logo/yashaswi.png]
[psdm.gov.in/pdf/pia_category.jpg]
[psdm.gov.in/pdf/four_insts.png]
[psdm.gov.in/pdf/docs/brochure.jpg]
[psdm.gov.in/img/slider/ApplyNow.gif]
[psdmhq.in/themes/bar/psdm/js/vendor/bootstrap.min.js]
[psdmhq.in/wdir/uploads/pdf/Pdf-1545888505-image_file.pdf]
[psdmhq.in/wdir/uploads/pdf/District-1542888621-upcoming_schedule_file.pdf]
[psdmhq.in/wdir/uploads/pdf/District-1542888638-upcoming_schedule_file.pdf]
[psdmhq.in/wdir/uploads/pdf/District-1542888712-upcoming_schedule_file.pdf]
[psdmhq.in/wdir/uploads/pdf/District-1542888723-upcoming_schedule_file.pdf]
[psdmhq.in/wdir/uploads/pdf/District-1542888736-upcoming_schedule_file.pdf]
[psdmhq.in/wdir/uploads/pdf/District-1542888747-upcoming_schedule_file.pdf]
[psdmhq.in/wdir/uploads/pdf/District-1542888758-upcoming_schedule_file.pdf]
[psdmhq.in/wdir/uploads/pdf/District-1542888771-upcoming_schedule_file.pdf]
[psdmhq.in/wdir/uploads/pdf/District-1542888784-upcoming_schedule_file.pdf]
[psdmhq.in/wdir/uploads/pdf/District-1542888795-upcoming_schedule_file.pdf]
[psdmhq.in/wdir/uploads/pdf/District-1542888867-upcoming_schedule_file.pdf]
[psdmhq.in/wdir/uploads/pdf/District-1542888882-upcoming_schedule_file.pdf]
[psdmhq.in/wdir/uploads/pdf/District-1542888905-upcoming_schedule_file.pdf]
[psdmhq.in/wdir/uploads/pdf/District-1542888917-upcoming_schedule_file.pdf]
[psdmhq.in/wdir/uploads/pdf/District-1542888932-upcoming_schedule_file.pdf]
[psdmhq.in/wdir/uploads/pdf/District-1542888948-upcoming_schedule_file.pdf]
[psdmhq.in/wdir/uploads/pdf/District-1542888962-upcoming_schedule_file.pdf]
[psdmhq.in/wdir/uploads/pdf/District-1542888981-upcoming_schedule_file.pdf]
[psdmhq.in/wdir/uploads/pdf/District-1542888995-upcoming_schedule_file.pdf]
[psdmhq.in/wdir/uploads/pdf/District-1542889014-upcoming_schedule_file.pdf]
[psdmhq.in/wdir/uploads/pdf/District-1542889033-upcoming_schedule_file.pdf]
[psdmhq.in/wdir/uploads/pdf/District-1542889058-upcoming_schedule_file.pdf]
[psdmhq.in/site/captcha1b0b]
[psdmhq.in/assets/5becfcf1/js/jquery.relcopy.yii.1.1.js]
[psdmhq.in/pamphlets/index]
[psdmhq.in/wdir/uploads/Pamphlets-1528351865-image_file.jpg]
[psdmhq.in/wdir/uploads/Pamphlets-1528351890-image_file.jpg]
[psdmhq.in/wdir/uploads/Pamphlets-1528351900-image_file.jpg]
[psdmhq.in/wdir/uploads/pdf/Notification-1543320977-image_file.pdf]
[psdmhq.in/wdir/uploads/pdf/Notification-1542554102-image_file.pdf]
[psdmhq.in/wdir/uploads/pdf/Notification-1542557127-image_file.pdf]
[psdmhq.in/wdir/uploads/pdf/Notification-1542557317-image_file.pdf]
[psdmhq.in/wdir/uploads/pdf/Pdf-1529066384-image_file.pdf]
[psdmhq.in/wdir/uploads/pdf/Notification-1542553589-image_file.pdf]
[psdmhq.in/wdir/uploads/pdf/Notification-1542557737-image_file.pdf]
[psdmhq.in/wdir/uploads/pdf/Notification-1542557484-image_file.pdf]
[psdmhq.in/wdir/uploads/pdf/Notification-1542558025-image_file.pdf]
[psdmhq.in/course/index]
[psdmhq.in/wdir/uploads/pdf/Pdf-1543296567-image_file.pdf]
[psdmhq.in/wdir/uploads/pdf/Pdf-1528878515-image_file.pptx]
[psdmhq.in/wdir/uploads/pdf/Pdf-1528878443-image_file.pptx]
[psdmhq.in/wdir/uploads/pdf/Pdf-1528878391-image_file.pptx]
[psdmhq.in/site/captcha6e5a]
[psdmhq.in/posts/index]
[psdmhq.in/news/index]
[psdmhq.in/wdir/uploads/gallery/Files-1548919963-image_file.mp4]
[psdmhq.in/wdir/uploads/gallery/Files-1536925738-image_file.jpg]
[psdmhq.in/wdir/uploads/gallery/Files-1536925725-image_file.jpg]
[psdmhq.in/wdir/uploads/gallery/Files-1536925714-image_file.jpg]
[psdmhq.in/wdir/uploads/pdf/Pdf-1560167856-image_file.pdf]
[psdmhq.in/wdir/uploads/pdf/Pdf-1559276379-image_file.pdf]
[psdmhq.in/wdir/uploads/pdf/Pdf-1550460424-image_file.pdf]
[psdmhq.in/wdir/uploads/pdf/Pdf-1528875769-image_file.pdf]
[psdmhq.in/wdir/uploads/pdf/Pdf-1528875639-image_file.pdf]
[psdmhq.in/wdir/uploads/pdf/Pdf-1528875444-image_file.pdf]
[psdmhq.in/assets/56a085f4/jquery.ba-bbq.js]
[psdmhq.in/student/indexd868]
[psdmhq.in/student/index017c]
[psdmhq.in/student/index43cb]
[psdmhq.in/student/index92e2]
[psdmhq.in/student/index005e]
[psdmhq.in/student/index88ea]
[psdmhq.in/student/451]
[psdmhq.in/assets/d6d92c1c/gridview/view.png]
[psdmhq.in/student/update/451]
[psdmhq.in/assets/d6d92c1c/gridview/update.png]
[psdmhq.in/student/delete/451]
[psdmhq.in/assets/d6d92c1c/gridview/delete.png]
[psdmhq.in/student/450]
[psdmhq.in/student/update/450]
[psdmhq.in/student/delete/450]
[psdmhq.in/student/449]
[psdmhq.in/student/update/449]
[psdmhq.in/student/delete/449]
[psdmhq.in/student/448]
[psdmhq.in/student/update/448]
[psdmhq.in/student/delete/448]
[psdmhq.in/student/447]
[psdmhq.in/student/update/447]
[psdmhq.in/student/delete/447]
[psdmhq.in/student/446]
[psdmhq.in/student/update/446]
[psdmhq.in/student/delete/446]
[psdmhq.in/student/445]
[psdmhq.in/student/update/445]
[psdmhq.in/student/delete/445]
[psdmhq.in/student/444]
[psdmhq.in/student/update/444]
[psdmhq.in/student/delete/444]
[psdmhq.in/student/443]
[psdmhq.in/student/update/443]
[psdmhq.in/student/delete/443]
[psdmhq.in/student/442]
[psdmhq.in/student/update/442]
[psdmhq.in/student/delete/442]
[psdmhq.in/student/index67c4]
[psdmhq.in/student/indexa3cc]
[psdmhq.in/student/index0e83]
[psdmhq.in/student/indexcd54]
[psdmhq.in/student/index5506]
[psdmhq.in/student/index6251]
[psdmhq.in/student/indexde61]
[psdmhq.in/student/index789b]
[psdmhq.in/student/indexb168]
[psdmhq.in/assets/d6d92c1c/gridview/jquery.yiigridview.js]
